// Jest Snapshot v1, https://goo.gl/fbAQLP

exports[`CityList it renders CityList successfully 1`] = `
<View
  style={
    [
      {
        "backgroundColor": "inherit",
      },
      {
        "marginHorizontal": "auto",
        "maxWidth": 400,
        "position": "relative",
        "width": "100%",
      },
    ]
  }
>
  <View
    style={
      [
        {
          "backgroundColor": "inherit",
        },
        {
          "backgroundColor": "#fff",
          "borderRadius": 5,
          "bottom": 50,
          "overflow": "hidden",
          "position": "absolute",
          "right": 5,
          "width": 220,
        },
      ]
    }
  >
    <View
      accessibilityState={
        {
          "busy": undefined,
          "checked": undefined,
          "disabled": undefined,
          "expanded": undefined,
          "selected": undefined,
        }
      }
      accessibilityValue={
        {
          "max": undefined,
          "min": undefined,
          "now": undefined,
          "text": undefined,
        }
      }
      accessible={true}
      collapsable={false}
      focusable={true}
      onClick={[Function]}
      onResponderGrant={[Function]}
      onResponderMove={[Function]}
      onResponderRelease={[Function]}
      onResponderTerminate={[Function]}
      onResponderTerminationRequest={[Function]}
      onStartShouldSetResponder={[Function]}
      style={
        {
          "opacity": 1,
        }
      }
    >
      <View
        style={
          [
            {
              "backgroundColor": "inherit",
            },
            {
              "borderRadius": 5,
              "padding": 15,
            },
          ]
        }
      >
        <Text
          style={
            [
              {
                "color": "#888",
                "fontFamily": "Montserrat_400Regular",
                "fontSize": 18,
              },
              undefined,
            ]
          }
        >
          Tokyo
        </Text>
      </View>
      <View
        style={
          [
            {
              "backgroundColor": "inherit",
            },
            {
              "backgroundColor": "#ddd",
              "height": 1,
              "width": "100%",
            },
          ]
        }
      />
    </View>
    <View
      accessibilityState={
        {
          "busy": undefined,
          "checked": undefined,
          "disabled": undefined,
          "expanded": undefined,
          "selected": undefined,
        }
      }
      accessibilityValue={
        {
          "max": undefined,
          "min": undefined,
          "now": undefined,
          "text": undefined,
        }
      }
      accessible={true}
      collapsable={false}
      focusable={true}
      onClick={[Function]}
      onResponderGrant={[Function]}
      onResponderMove={[Function]}
      onResponderRelease={[Function]}
      onResponderTerminate={[Function]}
      onResponderTerminationRequest={[Function]}
      onStartShouldSetResponder={[Function]}
      style={
        {
          "opacity": 1,
        }
      }
    >
      <View
        style={
          [
            {
              "backgroundColor": "inherit",
            },
            {
              "borderRadius": 5,
              "padding": 15,
            },
          ]
        }
      >
        <Text
          style={
            [
              {
                "color": "#888",
                "fontFamily": "Montserrat_400Regular",
                "fontSize": 18,
              },
              undefined,
            ]
          }
        >
          Paris
        </Text>
      </View>
      <View
        style={
          [
            {
              "backgroundColor": "inherit",
            },
            {
              "backgroundColor": "#ddd",
              "height": 1,
              "width": "100%",
            },
          ]
        }
      />
    </View>
    <View
      accessibilityState={
        {
          "busy": undefined,
          "checked": undefined,
          "disabled": undefined,
          "expanded": undefined,
          "selected": undefined,
        }
      }
      accessibilityValue={
        {
          "max": undefined,
          "min": undefined,
          "now": undefined,
          "text": undefined,
        }
      }
      accessible={true}
      collapsable={false}
      focusable={true}
      onClick={[Function]}
      onResponderGrant={[Function]}
      onResponderMove={[Function]}
      onResponderRelease={[Function]}
      onResponderTerminate={[Function]}
      onResponderTerminationRequest={[Function]}
      onStartShouldSetResponder={[Function]}
      style={
        {
          "opacity": 1,
        }
      }
    >
      <View
        style={
          [
            {
              "backgroundColor": "inherit",
            },
            {
              "borderRadius": 5,
              "padding": 15,
            },
          ]
        }
      >
        <Text
          style={
            [
              {
                "color": "#888",
                "fontFamily": "Montserrat_400Regular",
                "fontSize": 18,
              },
              undefined,
            ]
          }
        >
          Hong Kong
        </Text>
      </View>
      <View
        style={
          [
            {
              "backgroundColor": "inherit",
            },
            {
              "backgroundColor": "#ddd",
              "height": 1,
              "width": "100%",
            },
          ]
        }
      />
    </View>
    <View
      accessibilityState={
        {
          "busy": undefined,
          "checked": undefined,
          "disabled": undefined,
          "expanded": undefined,
          "selected": undefined,
        }
      }
      accessibilityValue={
        {
          "max": undefined,
          "min": undefined,
          "now": undefined,
          "text": undefined,
        }
      }
      accessible={true}
      collapsable={false}
      focusable={true}
      onClick={[Function]}
      onResponderGrant={[Function]}
      onResponderMove={[Function]}
      onResponderRelease={[Function]}
      onResponderTerminate={[Function]}
      onResponderTerminationRequest={[Function]}
      onStartShouldSetResponder={[Function]}
      style={
        {
          "opacity": 1,
        }
      }
    >
      <View
        style={
          [
            {
              "backgroundColor": "inherit",
            },
            {
              "borderRadius": 5,
              "padding": 15,
            },
          ]
        }
      >
        <Text
          style={
            [
              {
                "color": "#888",
                "fontFamily": "Montserrat_400Regular",
                "fontSize": 18,
              },
              undefined,
            ]
          }
        >
          Bangkok
        </Text>
      </View>
      <View
        style={
          [
            {
              "backgroundColor": "inherit",
            },
            {
              "backgroundColor": "#ddd",
              "height": 1,
              "width": "100%",
            },
          ]
        }
      />
    </View>
    <View
      accessibilityState={
        {
          "busy": undefined,
          "checked": undefined,
          "disabled": undefined,
          "expanded": undefined,
          "selected": undefined,
        }
      }
      accessibilityValue={
        {
          "max": undefined,
          "min": undefined,
          "now": undefined,
          "text": undefined,
        }
      }
      accessible={true}
      collapsable={false}
      focusable={true}
      onClick={[Function]}
      onResponderGrant={[Function]}
      onResponderMove={[Function]}
      onResponderRelease={[Function]}
      onResponderTerminate={[Function]}
      onResponderTerminationRequest={[Function]}
      onStartShouldSetResponder={[Function]}
      style={
        {
          "opacity": 1,
        }
      }
    >
      <View
        style={
          [
            {
              "backgroundColor": "inherit",
            },
            {
              "borderRadius": 5,
              "padding": 15,
            },
          ]
        }
      >
        <Text
          style={
            [
              {
                "color": "#888",
                "fontFamily": "Montserrat_400Regular",
                "fontSize": 18,
              },
              undefined,
            ]
          }
        >
          Saint Petersburg
        </Text>
      </View>
      <View
        style={
          [
            {
              "backgroundColor": "inherit",
            },
            {
              "backgroundColor": "#ddd",
              "height": 1,
              "width": "100%",
            },
          ]
        }
      />
    </View>
    <View
      accessibilityState={
        {
          "busy": undefined,
          "checked": undefined,
          "disabled": undefined,
          "expanded": undefined,
          "selected": undefined,
        }
      }
      accessibilityValue={
        {
          "max": undefined,
          "min": undefined,
          "now": undefined,
          "text": undefined,
        }
      }
      accessible={true}
      collapsable={false}
      focusable={true}
      onClick={[Function]}
      onResponderGrant={[Function]}
      onResponderMove={[Function]}
      onResponderRelease={[Function]}
      onResponderTerminate={[Function]}
      onResponderTerminationRequest={[Function]}
      onStartShouldSetResponder={[Function]}
      style={
        {
          "opacity": 1,
        }
      }
    >
      <View
        style={
          [
            {
              "backgroundColor": "inherit",
            },
            {
              "borderRadius": 5,
              "padding": 15,
            },
          ]
        }
      >
        <Text
          style={
            [
              {
                "color": "#888",
                "fontFamily": "Montserrat_400Regular",
                "fontSize": 18,
              },
              undefined,
            ]
          }
        >
          Kiev
        </Text>
      </View>
      <View
        style={
          [
            {
              "backgroundColor": "inherit",
            },
            {
              "backgroundColor": "#ddd",
              "height": 1,
              "width": "100%",
            },
          ]
        }
      />
    </View>
    <View
      accessibilityState={
        {
          "busy": undefined,
          "checked": undefined,
          "disabled": undefined,
          "expanded": undefined,
          "selected": undefined,
        }
      }
      accessibilityValue={
        {
          "max": undefined,
          "min": undefined,
          "now": undefined,
          "text": undefined,
        }
      }
      accessible={true}
      collapsable={false}
      focusable={true}
      onClick={[Function]}
      onResponderGrant={[Function]}
      onResponderMove={[Function]}
      onResponderRelease={[Function]}
      onResponderTerminate={[Function]}
      onResponderTerminationRequest={[Function]}
      onStartShouldSetResponder={[Function]}
      style={
        {
          "opacity": 1,
        }
      }
    >
      <View
        style={
          [
            {
              "backgroundColor": "inherit",
            },
            {
              "borderRadius": 5,
              "padding": 15,
            },
          ]
        }
      >
        <Text
          style={
            [
              {
                "color": "#888",
                "fontFamily": "Montserrat_400Regular",
                "fontSize": 18,
              },
              undefined,
            ]
          }
        >
          Berlin
        </Text>
      </View>
      <View
        style={
          [
            {
              "backgroundColor": "inherit",
            },
            {
              "backgroundColor": "#ddd",
              "height": 1,
              "width": "100%",
            },
          ]
        }
      />
    </View>
    <View
      accessibilityState={
        {
          "busy": undefined,
          "checked": undefined,
          "disabled": undefined,
          "expanded": undefined,
          "selected": undefined,
        }
      }
      accessibilityValue={
        {
          "max": undefined,
          "min": undefined,
          "now": undefined,
          "text": undefined,
        }
      }
      accessible={true}
      collapsable={false}
      focusable={true}
      onClick={[Function]}
      onResponderGrant={[Function]}
      onResponderMove={[Function]}
      onResponderRelease={[Function]}
      onResponderTerminate={[Function]}
      onResponderTerminationRequest={[Function]}
      onStartShouldSetResponder={[Function]}
      style={
        {
          "opacity": 1,
        }
      }
    >
      <View
        style={
          [
            {
              "backgroundColor": "inherit",
            },
            {
              "borderRadius": 5,
              "padding": 15,
            },
          ]
        }
      >
        <Text
          style={
            [
              {
                "color": "#888",
                "fontFamily": "Montserrat_400Regular",
                "fontSize": 18,
              },
              undefined,
            ]
          }
        >
          Dublin
        </Text>
      </View>
      <View
        style={
          [
            {
              "backgroundColor": "inherit",
            },
            {
              "backgroundColor": "#ddd",
              "height": 1,
              "width": "100%",
            },
          ]
        }
      />
    </View>
    <View
      accessibilityState={
        {
          "busy": undefined,
          "checked": undefined,
          "disabled": undefined,
          "expanded": undefined,
          "selected": undefined,
        }
      }
      accessibilityValue={
        {
          "max": undefined,
          "min": undefined,
          "now": undefined,
          "text": undefined,
        }
      }
      accessible={true}
      collapsable={false}
      focusable={true}
      onClick={[Function]}
      onResponderGrant={[Function]}
      onResponderMove={[Function]}
      onResponderRelease={[Function]}
      onResponderTerminate={[Function]}
      onResponderTerminationRequest={[Function]}
      onStartShouldSetResponder={[Function]}
      style={
        {
          "opacity": 1,
        }
      }
    >
      <View
        style={
          [
            {
              "backgroundColor": "inherit",
            },
            {
              "borderRadius": 5,
              "padding": 15,
            },
          ]
        }
      >
        <Text
          style={
            [
              {
                "color": "#888",
                "fontFamily": "Montserrat_400Regular",
                "fontSize": 18,
              },
              undefined,
            ]
          }
        >
          London
        </Text>
      </View>
      <View
        style={
          [
            {
              "backgroundColor": "inherit",
            },
            {
              "backgroundColor": "#ddd",
              "height": 1,
              "width": "100%",
            },
          ]
        }
      />
    </View>
    <View
      accessibilityState={
        {
          "busy": undefined,
          "checked": undefined,
          "disabled": undefined,
          "expanded": undefined,
          "selected": undefined,
        }
      }
      accessibilityValue={
        {
          "max": undefined,
          "min": undefined,
          "now": undefined,
          "text": undefined,
        }
      }
      accessible={true}
      collapsable={false}
      focusable={true}
      onClick={[Function]}
      onResponderGrant={[Function]}
      onResponderMove={[Function]}
      onResponderRelease={[Function]}
      onResponderTerminate={[Function]}
      onResponderTerminationRequest={[Function]}
      onStartShouldSetResponder={[Function]}
      style={
        {
          "opacity": 1,
        }
      }
    >
      <View
        style={
          [
            {
              "backgroundColor": "inherit",
            },
            {
              "borderRadius": 5,
              "padding": 15,
            },
          ]
        }
      >
        <Text
          style={
            [
              {
                "color": "#888",
                "fontFamily": "Montserrat_400Regular",
                "fontSize": 18,
              },
              undefined,
            ]
          }
        >
          New York
        </Text>
      </View>
      <View
        style={
          [
            {
              "backgroundColor": "inherit",
            },
            {
              "backgroundColor": "#ddd",
              "height": 1,
              "width": "100%",
            },
          ]
        }
      />
    </View>
    <View
      accessibilityState={
        {
          "busy": undefined,
          "checked": undefined,
          "disabled": undefined,
          "expanded": undefined,
          "selected": undefined,
        }
      }
      accessibilityValue={
        {
          "max": undefined,
          "min": undefined,
          "now": undefined,
          "text": undefined,
        }
      }
      accessible={true}
      collapsable={false}
      focusable={true}
      onClick={[Function]}
      onResponderGrant={[Function]}
      onResponderMove={[Function]}
      onResponderRelease={[Function]}
      onResponderTerminate={[Function]}
      onResponderTerminationRequest={[Function]}
      onStartShouldSetResponder={[Function]}
      style={
        {
          "opacity": 1,
        }
      }
    >
      <View
        style={
          [
            {
              "backgroundColor": "inherit",
            },
            {
              "borderRadius": 5,
              "padding": 15,
            },
          ]
        }
      >
        <Text
          style={
            [
              {
                "color": "#888",
                "fontFamily": "Montserrat_400Regular",
                "fontSize": 18,
              },
              undefined,
            ]
          }
        >
          Mexico City
        </Text>
      </View>
    </View>
  </View>
</View>
`;
