// Jest Snapshot v1, https://goo.gl/fbAQLP

exports[`DailyWeatherCard it renders DailyWeatherCard successfully 1`] = `
<View
  style={
    [
      {
        "backgroundColor": "inherit",
      },
      {
        "alignItems": "center",
        "backgroundColor": "#ddd",
        "borderRadius": 10,
        "marginHorizontal": 10,
        "maxHeight": 180,
        "padding": 20,
      },
    ]
  }
>
  <Text
    style={
      [
        {
          "color": "#888",
          "fontFamily": "Montserrat_400Regular",
          "fontSize": 22,
        },
        undefined,
      ]
    }
  >
    16 Wed
  </Text>
  <View
    style={
      [
        {
          "backgroundColor": "inherit",
        },
        {
          "alignItems": "center",
        },
      ]
    }
  >
    <ViewManagerAdapter_ExpoImage
      containerViewRef={"[React.ref]"}
      contentFit="cover"
      contentPosition={
        {
          "left": "50%",
          "top": "50%",
        }
      }
      height={70}
      nativeViewRef={"[React.ref]"}
      onError={[Function]}
      onLoad={[Function]}
      onLoadStart={[Function]}
      onProgress={[Function]}
      placeholder={[]}
      source={
        [
          {
            "uri": "http://openweathermap.org/img/wn/02d@2x.png",
          },
        ]
      }
      style={
        {
          "height": 70,
          "width": 80,
        }
      }
      transition={
        {
          "duration": 1000,
        }
      }
      width={80}
    />
    <Text
      style={
        [
          {
            "color": "#888",
            "fontFamily": "Montserrat_300Light",
            "fontSize": 14,
          },
          undefined,
        ]
      }
    >
      Partly Cloudy
    </Text>
  </View>
  <Text
    style={
      [
        {
          "color": "#888",
          "fontFamily": "Montserrat_500Medium",
          "fontSize": 16,
        },
        {
          "marginTop": 10,
        },
      ]
    }
  >
    12.5
    <Text
      style={
        [
          {
            "color": "#888",
            "fontFamily": "Montserrat_200ExtraLight",
            "fontSize": 14,
          },
          {
            "marginHorizontal": 10,
          },
        ]
      }
    >
      /
    </Text>
    19.6
  </Text>
</View>
`;
