// Jest Snapshot v1, https://goo.gl/fbAQLP

exports[`SvgIcon it renders SvgIcon successfully 1`] = `
<RNSVGSvgView
  align="xMidYMid"
  bbHeight={100}
  bbWidth={100}
  fill="#888"
  focusable={false}
  height={100}
  meetOrSlice={0}
  minX={0}
  minY={0}
  style={
    [
      {
        "backgroundColor": "transparent",
        "borderWidth": 0,
      },
      {
        "flex": 0,
        "height": 100,
        "width": 100,
      },
    ]
  }
  vbHeight={570}
  vbWidth={570}
  width={100}
>
  <RNSVGGroup
    fill={
      {
        "payload": 4287137928,
        "type": 0,
      }
    }
    propList={
      [
        "fill",
      ]
    }
  >
    <RNSVGGroup
      fill={
        {
          "payload": 4278190080,
          "type": 0,
        }
      }
      matrix={
        [
          1,
          0,
          0,
          1,
          93,
          29,
        ]
      }
    >
      <RNSVGPath
        d="M192 512C86 512 0 426 0 320 0 228.8 130.2 57.7 166.6 11.7c6-7.5 14.9-11.7 24.5-11.7h1.8c9.6 0 18.5 4.2 24.5 11.7C253.8 57.7 384 228.8 384 320c0 106-86 192-192 192M96 336c0-8.8-7.2-16-16-16s-16 7.2-16 16c0 61.9 50.1 112 112 112 8.8 0 16-7.2 16-16s-7.2-16-16-16c-44.2 0-80-35.8-80-80"
        fill={
          {
            "payload": 4278190080,
            "type": 0,
          }
        }
      />
    </RNSVGGroup>
  </RNSVGGroup>
</RNSVGSvgView>
`;
